// Jest Snapshot v1, https://goo.gl/fbAQLP

exports[`<NumberChooser /> Render 1`] = `
<div
  aria-labelledby="numberchooser-dialog-title"
  class="MuiPaper-root MuiDialog-paper MuiDialog-paperScrollPaper MuiDialog-paperWidthSm MuiPaper-elevation24 MuiPaper-rounded"
  role="dialog"
>
  <div
    class="MuiDialogTitle-root"
    id="numberchooser-dialog-title"
  >
    <h2
      class="MuiTypography-root MuiTypography-h6"
    >
      Transfer vers
    </h2>
  </div>
  <ul
    class="MuiList-root MuiList-padding"
  >
    <div
      aria-disabled="false"
      class="MuiButtonBase-root MuiListItem-root MuiListItem-gutters MuiListItem-button"
      role="button"
      tabindex="0"
    >
      <div
        class="MuiListItemAvatar-root"
      >
        <div
          class="MuiAvatar-root MuiAvatar-circle makeStyles-avatar-1 MuiAvatar-colorDefault"
        >
          <svg
            aria-hidden="true"
            class="MuiSvgIcon-root"
            focusable="false"
            role="presentation"
            viewBox="0 0 24 24"
          >
            <path
              d="M6.62 10.79c1.44 2.83 3.76 5.14 6.59 6.59l2.2-2.2c.27-.27.67-.36 1.02-.24 1.12.37 2.33.57 3.57.57.55 0 1 .45 1 1V20c0 .55-.45 1-1 1-9.39 0-17-7.61-17-17 0-.55.45-1 1-1h3.5c.55 0 1 .45 1 1 0 1.25.2 2.45.57 3.57.11.35.03.74-.25 1.02l-2.2 2.2z"
            />
          </svg>
        </div>
      </div>
      <div
        class="MuiListItemText-root"
      >
        <span
          class="MuiTypography-root MuiListItemText-primary MuiTypography-body1"
        >
          number-1
        </span>
      </div>
      <span
        class="MuiTouchRipple-root"
      />
    </div>
    <div
      aria-disabled="false"
      class="MuiButtonBase-root MuiListItem-root MuiListItem-gutters MuiListItem-button"
      role="button"
      tabindex="0"
    >
      <div
        class="MuiListItemAvatar-root"
      >
        <div
          class="MuiAvatar-root MuiAvatar-circle makeStyles-avatar-1 MuiAvatar-colorDefault"
        >
          <svg
            aria-hidden="true"
            class="MuiSvgIcon-root"
            focusable="false"
            role="presentation"
            viewBox="0 0 24 24"
          >
            <path
              d="M6.62 10.79c1.44 2.83 3.76 5.14 6.59 6.59l2.2-2.2c.27-.27.67-.36 1.02-.24 1.12.37 2.33.57 3.57.57.55 0 1 .45 1 1V20c0 .55-.45 1-1 1-9.39 0-17-7.61-17-17 0-.55.45-1 1-1h3.5c.55 0 1 .45 1 1 0 1.25.2 2.45.57 3.57.11.35.03.74-.25 1.02l-2.2 2.2z"
            />
          </svg>
        </div>
      </div>
      <div
        class="MuiListItemText-root"
      >
        <span
          class="MuiTypography-root MuiListItemText-primary MuiTypography-body1"
        >
          number-2
        </span>
      </div>
      <span
        class="MuiTouchRipple-root"
      />
    </div>
    <li
      class="MuiListItem-root MuiListItem-gutters"
    >
      <div
        class="MuiListItemAvatar-root"
      >
        <div
          class="MuiAvatar-root MuiAvatar-circle MuiAvatar-colorDefault"
        >
          <svg
            aria-hidden="true"
            class="MuiSvgIcon-root"
            focusable="false"
            role="presentation"
            viewBox="0 0 24 24"
          >
            <path
              d="M19 13h-6v6h-2v-6H5v-2h6V5h2v6h6v2z"
            />
          </svg>
        </div>
      </div>
      <div
        class="MuiListItemText-root"
      >
        <span
          class="MuiTypography-root MuiListItemText-primary MuiTypography-body1"
        >
          <div
            class="MuiFormControl-root MuiTextField-root MuiFormControl-fullWidth"
          >
            <div
              class="MuiInputBase-root MuiInput-root MuiInput-underline MuiInputBase-fullWidth MuiInput-fullWidth MuiInputBase-formControl MuiInput-formControl"
            >
              <input
                aria-invalid="false"
                class="MuiInputBase-input MuiInput-input"
                placeholder="Un autre numÃ©ro"
                type="text"
                value=""
              />
            </div>
          </div>
        </span>
      </div>
    </li>
  </ul>
</div>
`;
